###############################################################################
#                                                                             #
# IAR ELF Linker V6.70.1.5641/W32 for ARM               18/Apr/2017  14:44:30 #
# Copyright 2007-2013 IAR Systems AB.                                         #
#                                                                             #
#    Output file  =  E:\study\道路监控电源\DMA DAC\USER\Debug\Exe\roadPower   #
#                    ucosII.out                                               #
#    Map file     =  E:\study\道路监控电源\DMA DAC\USER\Debug\List\roadPower  #
#                    ucosII.map                                               #
#    Command line =  "E:\study\道路监控电源\DMA DAC\USER\Debug\Obj\app.o"     #
#                    "E:\study\道路监控电源\DMA DAC\USER\Debug\Obj\bsp.o"     #
#                    "E:\study\道路监控电源\DMA DAC\USER\Debug\Obj\bsp_int.o" #
#                     "E:\study\道路监控电源\DMA                              #
#                    DAC\USER\Debug\Obj\bsp_periph.o"                         #
#                    "E:\study\道路监控电源\DMA DAC\USER\Debug\Obj\bsp_vector #
#                    .o" "E:\study\道路监控电源\DMA                           #
#                    DAC\USER\Debug\Obj\cpu_a.o" "E:\study\道路监控电源\DMA   #
#                    DAC\USER\Debug\Obj\cpu_c.o" "E:\study\道路监控电源\DMA   #
#                    DAC\USER\Debug\Obj\cr4_fft_64_stm32.o"                   #
#                    "E:\study\道路监控电源\DMA DAC\USER\Debug\Obj\DmaAdc.o"  #
#                    "E:\study\道路监控电源\DMA DAC\USER\Debug\Obj\lib_mem.o" #
#                     "E:\study\道路监控电源\DMA                              #
#                    DAC\USER\Debug\Obj\lib_mem_a.o"                          #
#                    "E:\study\道路监控电源\DMA DAC\USER\Debug\Obj\lib_str.o" #
#                     "E:\study\道路监控电源\DMA DAC\USER\Debug\Obj\misc.o"   #
#                    "E:\study\道路监控电源\DMA DAC\USER\Debug\Obj\OS_AppHook #
#                    s.o" "E:\study\道路监控电源\DMA                          #
#                    DAC\USER\Debug\Obj\os_core.o"                            #
#                    "E:\study\道路监控电源\DMA DAC\USER\Debug\Obj\os_cpu_a.o #
#                    " "E:\study\道路监控电源\DMA                             #
#                    DAC\USER\Debug\Obj\os_cpu_c.o"                           #
#                    "E:\study\道路监控电源\DMA DAC\USER\Debug\Obj\os_dbg.o"  #
#                    "E:\study\道路监控电源\DMA DAC\USER\Debug\Obj\os_flag.o" #
#                     "E:\study\道路监控电源\DMA                              #
#                    DAC\USER\Debug\Obj\os_mbox.o"                            #
#                    "E:\study\道路监控电源\DMA DAC\USER\Debug\Obj\os_mem.o"  #
#                    "E:\study\道路监控电源\DMA DAC\USER\Debug\Obj\os_mutex.o #
#                    " "E:\study\道路监控电源\DMA DAC\USER\Debug\Obj\os_q.o"  #
#                    "E:\study\道路监控电源\DMA DAC\USER\Debug\Obj\os_sem.o"  #
#                    "E:\study\道路监控电源\DMA DAC\USER\Debug\Obj\os_task.o" #
#                     "E:\study\道路监控电源\DMA                              #
#                    DAC\USER\Debug\Obj\os_time.o"                            #
#                    "E:\study\道路监控电源\DMA DAC\USER\Debug\Obj\os_tmr.o"  #
#                    "E:\study\道路监控电源\DMA DAC\USER\Debug\Obj\os_view.o" #
#                     "E:\study\道路监控电源\DMA                              #
#                    DAC\USER\Debug\Obj\os_viewc.o"                           #
#                    "E:\study\道路监控电源\DMA DAC\USER\Debug\Obj\stm32f10x_ #
#                    adc.o" "E:\study\道路监控电源\DMA                        #
#                    DAC\USER\Debug\Obj\stm32f10x_bkp.o"                      #
#                    "E:\study\道路监控电源\DMA DAC\USER\Debug\Obj\stm32f10x_ #
#                    can.o" "E:\study\道路监控电源\DMA                        #
#                    DAC\USER\Debug\Obj\stm32f10x_cec.o"                      #
#                    "E:\study\道路监控电源\DMA DAC\USER\Debug\Obj\stm32f10x_ #
#                    crc.o" "E:\study\道路监控电源\DMA                        #
#                    DAC\USER\Debug\Obj\stm32f10x_dac.o"                      #
#                    "E:\study\道路监控电源\DMA DAC\USER\Debug\Obj\stm32f10x_ #
#                    dbgmcu.o" "E:\study\道路监控电源\DMA                     #
#                    DAC\USER\Debug\Obj\stm32f10x_dma.o"                      #
#                    "E:\study\道路监控电源\DMA DAC\USER\Debug\Obj\stm32f10x_ #
#                    exti.o" "E:\study\道路监控电源\DMA                       #
#                    DAC\USER\Debug\Obj\stm32f10x_flash.o"                    #
#                    "E:\study\道路监控电源\DMA DAC\USER\Debug\Obj\stm32f10x_ #
#                    fsmc.o" "E:\study\道路监控电源\DMA                       #
#                    DAC\USER\Debug\Obj\stm32f10x_gpio.o"                     #
#                    "E:\study\道路监控电源\DMA DAC\USER\Debug\Obj\stm32f10x_ #
#                    i2c.o" "E:\study\道路监控电源\DMA                        #
#                    DAC\USER\Debug\Obj\stm32f10x_iwdg.o"                     #
#                    "E:\study\道路监控电源\DMA DAC\USER\Debug\Obj\stm32f10x_ #
#                    pwr.o" "E:\study\道路监控电源\DMA                        #
#                    DAC\USER\Debug\Obj\stm32f10x_rcc.o"                      #
#                    "E:\study\道路监控电源\DMA DAC\USER\Debug\Obj\stm32f10x_ #
#                    rtc.o" "E:\study\道路监控电源\DMA                        #
#                    DAC\USER\Debug\Obj\stm32f10x_sdio.o"                     #
#                    "E:\study\道路监控电源\DMA DAC\USER\Debug\Obj\stm32f10x_ #
#                    spi.o" "E:\study\道路监控电源\DMA                        #
#                    DAC\USER\Debug\Obj\stm32f10x_tim.o"                      #
#                    "E:\study\道路监控电源\DMA DAC\USER\Debug\Obj\stm32f10x_ #
#                    usart.o" "E:\study\道路监控电源\DMA                      #
#                    DAC\USER\Debug\Obj\stm32f10x_wwdg.o"                     #
#                    "E:\study\道路监控电源\DMA DAC\USER\Debug\Obj\sys.o"     #
#                    "E:\study\道路监控电源\DMA DAC\USER\Debug\Obj\system_stm #
#                    32f10x.o" "E:\study\道路监控电源\DMA                     #
#                    DAC\USER\Debug\Obj\tim.o" -o "E:\study\道路监控电源\DMA  #
#                    DAC\USER\Debug\Exe\roadPower ucosII.out" --map           #
#                    "E:\study\道路监控电源\DMA DAC\USER\Debug\List\roadPower #
#                     ucosII.map" --config "E:\study\道路监控电源\DMA         #
#                    DAC\USER\roadPower.icf" --semihosting --entry            #
#                    __iar_program_start "C:\Program Files (x86)\IAR          #
#                    Systems\Embedded Workbench 6.5\arm\CMSIS\Lib\IAR\iar_cor #
#                    texM3l_math.a" --vfe                                     #
#                                                                             #
#                                                                             #
###############################################################################

*******************************************************************************
*** RUNTIME MODEL ATTRIBUTES
***

CppFlavor       = *
__SystemLibrary = DLib


*******************************************************************************
*** PLACEMENT SUMMARY
***

"A1":  place at 0x08000000 { ro section .intvec };
"P1":  place in [from 0x08000000 to 0x080fffff] { ro };
"P2":  place in [from 0x20000000 to 0x20017fff] { rw, block CSTACK, block HEAP };

  Section            Kind        Address    Size  Object
  -------            ----        -------    ----  ------
"A1":                                       0xec
  .intvec            const    0x08000000    0xec  bsp_vector.o [1]
                            - 0x080000ec    0xec

"P1":                                     0x351c
  .text              ro code  0x080000ec   0x998  os_core.o [1]
  CODE               ro code  0x08000a84    0xa0  os_cpu_a.o [1]
  .text              ro code  0x08000b24   0x172  os_cpu_c.o [1]
  .text              ro code  0x08000c96    0x2e  copy_init3.o [5]
  .text              ro code  0x08000cc4    0x5c  os_flag.o [1]
  .text              ro code  0x08000d20    0x58  os_mem.o [1]
  .text              ro code  0x08000d78    0x50  os_q.o [1]
  .text              ro code  0x08000dc8   0x264  os_tmr.o [1]
  .text              ro code  0x0800102c   0x1c8  os_dbg.o [1]
  .text              ro code  0x080011f4    0xcc  os_time.o [1]
  .text              ro code  0x080012c0   0x284  os_task.o [1]
  .text              ro code  0x08001544     0xc  OS_AppHooks.o [1]
  .text              ro code  0x08001550   0x1a0  os_sem.o [1]
  .rodata            const    0x080016f0   0x500  DmaAdc.o [1]
  .text              ro code  0x08001bf0   0x2ce  cr4_fft_64_stm32.o [1]
  .text              ro code  0x08001ebe    0x22  zero_init3.o [5]
  .text              ro code  0x08001ee0   0x268  cpu_c.o [1]
  CODE               ro code  0x08002148    0x2a  cpu_a.o [1]
  .rodata            const    0x08002172     0x2  os_dbg.o [1]
  .text              ro code  0x08002174   0x240  bsp_int.o [1]
  .text              ro code  0x080023b4   0x240  DmaAdc.o [1]
  .text              ro code  0x080025f4   0x1a0  stm32f10x_rcc.o [1]
  .text              ro code  0x08002794    0xc8  stm32f10x_gpio.o [1]
  .text              ro code  0x0800285c    0x94  stm32f10x_dac.o [1]
  .text              ro code  0x080028f0   0x15c  stm32f10x_tim.o [1]
  .text              ro code  0x08002a4c    0x5a  stm32f10x_dma.o [1]
  .rodata            const    0x08002aa6     0x2  os_dbg.o [1]
  .text              ro code  0x08002aa8    0x32  I32ToFlt.o [4]
  .rodata            const    0x08002ada     0x2  os_dbg.o [1]
  .text              ro code  0x08002adc    0x84  FltAdd.o [4]
  .text              ro code  0x08002b60    0xfc  FltDiv.o [4]
  .text              ro code  0x08002c5c    0xe6  FltSub.o [4]
  .rodata            const    0x08002d42     0x2  os_dbg.o [1]
  .text              ro code  0x08002d44    0xd8  FltMul.o [4]
  .text              ro code  0x08002e1c    0x44  FltToS32.o [4]
  .text              ro code  0x08002e60   0x15c  system_stm32f10x.o [1]
  .text              ro code  0x08002fbc   0x108  app.o [1]
  .text              ro code  0x080030c4    0x2a  bsp.o [1]
  .rodata            const    0x080030ee     0x2  os_dbg.o [1]
  .text              ro code  0x080030f0   0x108  tim.o [1]
  .text              ro code  0x080031f8    0x58  os_mbox.o [1]
  .text              ro code  0x08003250    0x38  stm32f10x_exti.o [1]
  .text              ro code  0x08003288    0x14  memset.o [3]
  .text              ro code  0x0800329c    0x10  stm32f10x_iwdg.o [1]
  .text              ro code  0x080032ac    0x66  ABImemset.o [5]
  .rodata            const    0x08003312     0x2  os_dbg.o [1]
  .rodata            const    0x08003314   0x100  os_core.o [1]
  .text              ro code  0x08003414    0x28  data_init.o [5]
  .iar.init_table    const    0x0800343c    0x24  - Linker created -
  .text              ro code  0x08003460    0x1a  cmain.o [5]
  .text              ro code  0x0800347a     0x4  low_level_init.o [3]
  .text              ro code  0x0800347e     0x4  exit.o [3]
  .rodata            const    0x08003482     0x2  os_dbg.o [1]
  .text              ro code  0x08003484     0xa  cexit.o [5]
  .rodata            const    0x0800348e     0x2  os_dbg.o [1]
  .text              ro code  0x08003490    0x14  exit.o [6]
  .rodata            const    0x080034a4    0x14  os_tmr.o [1]
  .rodata            const    0x080034b8    0x14  os_tmr.o [1]
  .rodata            const    0x080034cc    0x10  app.o [1]
  .rodata            const    0x080034dc    0x10  os_core.o [1]
  .rodata            const    0x080034ec    0x10  os_core.o [1]
  .rodata            const    0x080034fc    0x10  os_tmr.o [1]
  .text              ro code  0x0800350c     0xc  bsp_vector.o [1]
  .text              ro code  0x08003518     0xc  cstartup_M.o [5]
  .rodata            const    0x08003524     0x8  app.o [1]
  .rodata            const    0x0800352c     0x4  os_dbg.o [1]
  .rodata            const    0x08003530     0x2  os_dbg.o [1]
  .rodata            const    0x08003532     0x2  os_dbg.o [1]
  .rodata            const    0x08003534     0x2  os_dbg.o [1]
  .rodata            const    0x08003536     0x2  os_dbg.o [1]
  .rodata            const    0x08003538     0x2  os_dbg.o [1]
  .rodata            const    0x0800353a     0x2  os_dbg.o [1]
  .rodata            const    0x0800353c     0x2  os_dbg.o [1]
  .rodata            const    0x0800353e     0x2  os_dbg.o [1]
  .rodata            const    0x08003540     0x2  os_dbg.o [1]
  .rodata            const    0x08003542     0x2  os_dbg.o [1]
  .rodata            const    0x08003544     0x2  os_dbg.o [1]
  .rodata            const    0x08003546     0x2  os_dbg.o [1]
  .rodata            const    0x08003548     0x2  os_dbg.o [1]
  .rodata            const    0x0800354a     0x2  os_dbg.o [1]
  .rodata            const    0x0800354c     0x2  os_dbg.o [1]
  .rodata            const    0x0800354e     0x2  os_dbg.o [1]
  .rodata            const    0x08003550     0x2  os_dbg.o [1]
  .rodata            const    0x08003552     0x2  os_dbg.o [1]
  .rodata            const    0x08003554     0x2  os_dbg.o [1]
  .rodata            const    0x08003556     0x2  os_dbg.o [1]
  .rodata            const    0x08003558     0x2  os_dbg.o [1]
  .rodata            const    0x0800355a     0x2  os_dbg.o [1]
  .rodata            const    0x0800355c     0x2  os_dbg.o [1]
  .rodata            const    0x0800355e     0x2  os_dbg.o [1]
  .rodata            const    0x08003560     0x2  os_dbg.o [1]
  .rodata            const    0x08003562     0x2  os_dbg.o [1]
  .rodata            const    0x08003564     0x2  os_dbg.o [1]
  .rodata            const    0x08003566     0x2  os_dbg.o [1]
  .rodata            const    0x08003568     0x2  os_dbg.o [1]
  .rodata            const    0x0800356a     0x2  os_dbg.o [1]
  .rodata            const    0x0800356c     0x2  os_dbg.o [1]
  .rodata            const    0x0800356e     0x2  os_dbg.o [1]
  .rodata            const    0x08003570     0x2  os_dbg.o [1]
  .rodata            const    0x08003572     0x2  os_dbg.o [1]
  .rodata            const    0x08003574     0x2  os_dbg.o [1]
  .rodata            const    0x08003576     0x2  os_dbg.o [1]
  .rodata            const    0x08003578     0x2  os_dbg.o [1]
  .rodata            const    0x0800357a     0x2  os_dbg.o [1]
  .rodata            const    0x0800357c     0x2  os_dbg.o [1]
  .rodata            const    0x0800357e     0x2  os_dbg.o [1]
  .rodata            const    0x08003580     0x2  os_dbg.o [1]
  .rodata            const    0x08003582     0x2  os_dbg.o [1]
  .rodata            const    0x08003584     0x2  os_dbg.o [1]
  .rodata            const    0x08003586     0x2  os_dbg.o [1]
  .rodata            const    0x08003588     0x2  os_dbg.o [1]
  .rodata            const    0x0800358a     0x2  os_dbg.o [1]
  .rodata            const    0x0800358c     0x0  zero_init3.o [5]
  .rodata            const    0x0800358c     0x0  copy_init3.o [5]
  Initializer bytes  ro data  0x0800358c    0x7c  <for P2 s0>
                            - 0x08003608  0x351c

"P2", part 1 of 3:                          0x7c
  P2 s0                       0x20000000    0x7c  <Init block>
    .data            inited   0x20000000    0x64  DmaAdc.o [1]
    .data            inited   0x20000064    0x10  stm32f10x_rcc.o [1]
    .data            inited   0x20000074     0x4  stm32f10x_rcc.o [1]
    .data            inited   0x20000078     0x2  DmaAdc.o [1]
    .data            inited   0x2000007a     0x2  DmaAdc.o [1]
                            - 0x2000007c    0x7c

"P2", part 2 of 3:                        0x385c
  .bss               zero     0x2000007c  0x1400  app.o [1]
  .bss               zero     0x2000147c   0xa00  DmaAdc.o [1]
  .bss               zero     0x20001e7c   0x790  os_core.o [1]
  .bss               zero     0x2000260c   0x400  app.o [1]
  .bss               zero     0x20002a0c   0x280  os_core.o [1]
  .bss               zero     0x20002c8c   0x200  os_core.o [1]
  .bss               zero     0x20002e8c   0x200  os_core.o [1]
  .bss               zero     0x2000308c   0x200  os_core.o [1]
  .bss               zero     0x2000328c   0x100  os_core.o [1]
  .bss               zero     0x2000338c    0xf0  os_core.o [1]
  .bss               zero     0x2000347c    0xc8  DmaAdc.o [1]
  .bss               zero     0x20003544    0xa8  bsp_int.o [1]
  .bss               zero     0x200035ec    0xa0  tim.o [1]
  .bss               zero     0x2000368c    0x78  os_core.o [1]
  .bss               zero     0x20003704    0x64  DmaAdc.o [1]
  .bss               zero     0x20003768    0x60  os_core.o [1]
  .bss               zero     0x200037c8    0x50  os_core.o [1]
  .bss               zero     0x20003818    0x40  os_core.o [1]
  .bss               zero     0x20003858     0x8  os_core.o [1]
  .bss               zero     0x20003860     0x4  app.o [1]
  .bss               zero     0x20003864     0x4  DmaAdc.o [1]
  .bss               zero     0x20003868     0x4  DmaAdc.o [1]
  .bss               zero     0x2000386c     0x4  DmaAdc.o [1]
  .bss               zero     0x20003870     0x4  DmaAdc.o [1]
  .bss               zero     0x20003874     0x4  DmaAdc.o [1]
  .bss               zero     0x20003878     0x4  DmaAdc.o [1]
  .bss               zero     0x2000387c     0x4  DmaAdc.o [1]
  .bss               zero     0x20003880     0x4  os_core.o [1]
  .bss               zero     0x20003884     0x4  os_core.o [1]
  .bss               zero     0x20003888     0x4  os_core.o [1]
  .bss               zero     0x2000388c     0x4  os_core.o [1]
  .bss               zero     0x20003890     0x4  os_core.o [1]
  .bss               zero     0x20003894     0x4  os_core.o [1]
  .bss               zero     0x20003898     0x4  os_core.o [1]
  .bss               zero     0x2000389c     0x4  os_core.o [1]
  .bss               zero     0x200038a0     0x4  os_core.o [1]
  .bss               zero     0x200038a4     0x4  os_core.o [1]
  .bss               zero     0x200038a8     0x4  os_core.o [1]
  .bss               zero     0x200038ac     0x4  os_core.o [1]
  .bss               zero     0x200038b0     0x4  os_core.o [1]
  .bss               zero     0x200038b4     0x4  os_core.o [1]
  .bss               zero     0x200038b8     0x4  os_core.o [1]
  .bss               zero     0x200038bc     0x4  os_core.o [1]
  .bss               zero     0x200038c0     0x4  os_core.o [1]
  .bss               zero     0x200038c4     0x2  os_core.o [1]
  .bss               zero     0x200038c6     0x2  os_core.o [1]
  .bss               zero     0x200038c8     0x2  os_cpu_c.o [1]
  .bss               zero     0x200038ca     0x2  tim.o [1]
  .bss               zero     0x200038cc     0x2  tim.o [1]
  .bss               zero     0x200038ce     0x1  os_core.o [1]
  .bss               zero     0x200038cf     0x1  os_core.o [1]
  .bss               zero     0x200038d0     0x1  os_core.o [1]
  .bss               zero     0x200038d1     0x1  os_core.o [1]
  .bss               zero     0x200038d2     0x1  os_core.o [1]
  .bss               zero     0x200038d3     0x1  os_core.o [1]
  .bss               zero     0x200038d4     0x1  os_core.o [1]
  .bss               zero     0x200038d5     0x1  os_core.o [1]
  .bss               zero     0x200038d6     0x1  os_core.o [1]
  .bss               zero     0x200038d7     0x1  os_core.o [1]
                            - 0x200038d8  0x385c

"P2", part 3 of 3:                         0x200
  CSTACK                      0x200038d8   0x200  <Block>
    CSTACK           uninit   0x200038d8   0x200  <Block tail>
                            - 0x20003ad8   0x200


*******************************************************************************
*** INIT TABLE
***

          Address     Size
          -------     ----
Zero (__iar_zero_init3)
    1 destination range, total size 0x385c:
          0x2000007c  0x385c

Copy (__iar_copy_init3)
    1 source range, total size 0x7c:
          0x0800358c    0x7c
    1 destination range, total size 0x7c:
          0x20000000    0x7c



*******************************************************************************
*** MODULE SUMMARY
***

    Module              ro code  ro data  rw data
    ------              -------  -------  -------
E:\study\道路监控电源\DMA DAC\USER\Debug\Obj: [1]
    DmaAdc.o                576    1 384    2 992
    OS_AppHooks.o            12
    app.o                   264       24    6 148
    bsp.o                    42
    bsp_int.o               576               168
    bsp_vector.o             12      236
    cpu_a.o                  42
    cpu_c.o                 616
    cr4_fft_64_stm32.o      718
    os_core.o             2 456      288    5 058
    os_cpu_a.o              160
    os_cpu_c.o              370                 2
    os_dbg.o                456      112
    os_flag.o                92
    os_mbox.o                88
    os_mem.o                 88
    os_q.o                   80
    os_sem.o                416
    os_task.o               644
    os_time.o               204
    os_tmr.o                612       56
    stm32f10x_dac.o         148
    stm32f10x_dma.o          90
    stm32f10x_exti.o         56
    stm32f10x_gpio.o        200
    stm32f10x_iwdg.o         16
    stm32f10x_rcc.o         416       20       20
    stm32f10x_tim.o         348
    system_stm32f10x.o      348
    tim.o                   264               164
    ---------------------------------------------
    Total:               10 410    2 120   14 552

command line: [2]
    ---------------------------------------------
    Total:

dl7M_tln.a: [3]
    exit.o                    4
    low_level_init.o          4
    memset.o                 20
    ---------------------------------------------
    Total:                   28

m7M_tl.a: [4]
    FltAdd.o                132
    FltDiv.o                252
    FltMul.o                216
    FltSub.o                230
    FltToS32.o               68
    I32ToFlt.o               50
    ---------------------------------------------
    Total:                  948

rt7M_tl.a: [5]
    ABImemset.o             102
    cexit.o                  10
    cmain.o                  26
    copy_init3.o             46
    cstartup_M.o             12
    data_init.o              40
    zero_init3.o             34
    ---------------------------------------------
    Total:                  270

shb_l.a: [6]
    exit.o                   20
    ---------------------------------------------
    Total:                   20

    Linker created                    36      512
-------------------------------------------------
    Grand Total:         11 676    2 156   15 064


*******************************************************************************
*** ENTRY LIST
***

Entry                      Address    Size  Type      Object
-----                      -------    ----  ----      ------
?main                   0x08003461          Code  Gb  cmain.o [5]
ADCPrescTable           0x20000074     0x4  Data  Lc  stm32f10x_rcc.o [1]
APBAHBPrescTable        0x20000064    0x10  Data  Lc  stm32f10x_rcc.o [1]
APP_DISPLAY_OS_TaskStk  0x2000260c   0x400  Data  Lc  app.o [1]
APP_DISPLAY_Task        0x080030b5    0x10  Code  Lc  app.o [1]
App_BatteryMbox         0x20003860     0x4  Data  Lc  app.o [1]
App_BusFault_ISR        0x08003511     0x2  Code  Lc  bsp_vector.o [1]
App_EventCreate         0x08003035    0x2a  Code  Lc  app.o [1]
App_Fault_ISR           0x0800350f     0x2  Code  Lc  bsp_vector.o [1]
App_MemFault_ISR        0x08003515     0x2  Code  Lc  bsp_vector.o [1]
App_NMI_ISR             0x0800350d     0x2  Code  Lc  bsp_vector.o [1]
App_Spurious_ISR        0x08003517     0x2  Code  Lc  bsp_vector.o [1]
App_TCBInitHook         0x0800154d     0x2  Code  Gb  OS_AppHooks.o [1]
App_TaskCreate          0x0800305f    0x3a  Code  Lc  app.o [1]
App_TaskCreateHook      0x08001545     0x2  Code  Gb  OS_AppHooks.o [1]
App_TaskIdleHook        0x08001547     0x2  Code  Gb  OS_AppHooks.o [1]
App_TaskStart           0x08003001    0x34  Code  Lc  app.o [1]
App_TaskStartStk        0x2000007c  0x1400  Data  Lc  app.o [1]
App_TaskStatHook        0x08001549     0x2  Code  Gb  OS_AppHooks.o [1]
App_TaskSwHook          0x0800154b     0x2  Code  Gb  OS_AppHooks.o [1]
App_TimeTickHook        0x0800154f     0x2  Code  Gb  OS_AppHooks.o [1]
App_UsageFault_ISR      0x08003513     0x2  Code  Lc  bsp_vector.o [1]
BSP_CPU_ClkFreq         0x080030df    0x10  Code  Gb  bsp.o [1]
BSP_Init                0x080030c5    0x1a  Code  Gb  bsp.o [1]
BSP_IntDisAll           0x08002175     0x8  Code  Gb  bsp_int.o [1]
BSP_IntEn               0x0800217d    0x10  Code  Gb  bsp_int.o [1]
BSP_IntHandler          0x0800237b    0x2e  Code  Lc  bsp_int.o [1]
BSP_IntHandlerADC1_2    0x08002281     0xa  Code  Gb  bsp_int.o [1]
BSP_IntHandlerCAN_RX1   0x0800229f     0xa  Code  Gb  bsp_int.o [1]
BSP_IntHandlerCAN_SCE   0x080022a9     0xa  Code  Gb  bsp_int.o [1]
BSP_IntHandlerDMA1_CH1  0x0800223b     0xa  Code  Gb  bsp_int.o [1]
BSP_IntHandlerDMA1_CH2  0x08002245     0xa  Code  Gb  bsp_int.o [1]
BSP_IntHandlerDMA1_CH3  0x0800224f     0xa  Code  Gb  bsp_int.o [1]
BSP_IntHandlerDMA1_CH4  0x08002259     0xa  Code  Gb  bsp_int.o [1]
BSP_IntHandlerDMA1_CH5  0x08002263     0xa  Code  Gb  bsp_int.o [1]
BSP_IntHandlerDMA1_CH6  0x0800226d     0xa  Code  Gb  bsp_int.o [1]
BSP_IntHandlerDMA1_CH7  0x08002277     0xa  Code  Gb  bsp_int.o [1]
BSP_IntHandlerEXTI0     0x08002209     0xa  Code  Gb  bsp_int.o [1]
BSP_IntHandlerEXTI1     0x08002213     0xa  Code  Gb  bsp_int.o [1]
BSP_IntHandlerEXTI15_10
                        0x0800235d     0xa  Code  Gb  bsp_int.o [1]
BSP_IntHandlerEXTI2     0x0800221d     0xa  Code  Gb  bsp_int.o [1]
BSP_IntHandlerEXTI3     0x08002227     0xa  Code  Gb  bsp_int.o [1]
BSP_IntHandlerEXTI4     0x08002231     0xa  Code  Gb  bsp_int.o [1]
BSP_IntHandlerEXTI9_5   0x080022b3     0xa  Code  Gb  bsp_int.o [1]
BSP_IntHandlerFLASH     0x080021f5     0xa  Code  Gb  bsp_int.o [1]
BSP_IntHandlerI2C1_ER   0x0800230d     0xa  Code  Gb  bsp_int.o [1]
BSP_IntHandlerI2C1_EV   0x08002303     0xa  Code  Gb  bsp_int.o [1]
BSP_IntHandlerI2C2_ER   0x08002321     0xa  Code  Gb  bsp_int.o [1]
BSP_IntHandlerI2C2_EV   0x08002317     0xa  Code  Gb  bsp_int.o [1]
BSP_IntHandlerPVD       0x080021d7     0xa  Code  Gb  bsp_int.o [1]
BSP_IntHandlerRCC       0x080021ff     0xa  Code  Gb  bsp_int.o [1]
BSP_IntHandlerRTC       0x080021eb     0xa  Code  Gb  bsp_int.o [1]
BSP_IntHandlerRTCAlarm  0x08002367     0xa  Code  Gb  bsp_int.o [1]
BSP_IntHandlerSPI1      0x0800232b     0xa  Code  Gb  bsp_int.o [1]
BSP_IntHandlerSPI2      0x08002335     0xa  Code  Gb  bsp_int.o [1]
BSP_IntHandlerTAMPER    0x080021e1     0xa  Code  Gb  bsp_int.o [1]
BSP_IntHandlerTIM1_BRK  0x080022bd     0xa  Code  Gb  bsp_int.o [1]
BSP_IntHandlerTIM1_CC   0x080022db     0xa  Code  Gb  bsp_int.o [1]
BSP_IntHandlerTIM1_TRG_COM
                        0x080022d1     0xa  Code  Gb  bsp_int.o [1]
BSP_IntHandlerTIM1_UP   0x080022c7     0xa  Code  Gb  bsp_int.o [1]
BSP_IntHandlerTIM2      0x080022e5     0xa  Code  Gb  bsp_int.o [1]
BSP_IntHandlerTIM3      0x080022ef     0xa  Code  Gb  bsp_int.o [1]
BSP_IntHandlerTIM4      0x080022f9     0xa  Code  Gb  bsp_int.o [1]
BSP_IntHandlerUSART1    0x0800233f     0xa  Code  Gb  bsp_int.o [1]
BSP_IntHandlerUSART2    0x08002349     0xa  Code  Gb  bsp_int.o [1]
BSP_IntHandlerUSART3    0x08002353     0xa  Code  Gb  bsp_int.o [1]
BSP_IntHandlerUSBWakeUp
                        0x08002371     0xa  Code  Gb  bsp_int.o [1]
BSP_IntHandlerUSB_HP_CAN_TX
                        0x0800228b     0xa  Code  Gb  bsp_int.o [1]
BSP_IntHandlerUSB_LP_CAN_RX0
                        0x08002295     0xa  Code  Gb  bsp_int.o [1]
BSP_IntHandlerWWDG      0x080021cd     0xa  Code  Gb  bsp_int.o [1]
BSP_IntPrioSet          0x080021a7    0x26  Code  Gb  bsp_int.o [1]
BSP_IntVectSet          0x0800218d    0x1a  Code  Gb  bsp_int.o [1]
BSP_IntVectTbl          0x20003544    0xa8  Data  Lc  bsp_int.o [1]
CPU_CntLeadZeros        0x0800215f          Code  Gb  cpu_a.o [1]
CPU_IntDis              0x08002149          Code  Gb  cpu_a.o [1]
CPU_IntEn               0x0800214d          Code  Gb  cpu_a.o [1]
CPU_IntSrcEn            0x08001ee1    0xdc  Code  Gb  cpu_c.o [1]
CPU_IntSrcPrioSet       0x08001fbd   0x16c  Code  Gb  cpu_c.o [1]
CPU_RevBits             0x08002165          Code  Gb  cpu_a.o [1]
CPU_SR_Restore          0x08002159          Code  Gb  cpu_a.o [1]
CPU_SR_Save             0x08002151          Code  Gb  cpu_a.o [1]
CPU_WaitForExcept       0x0800216f          Code  Gb  cpu_a.o [1]
CPU_WaitForInt          0x0800216b          Code  Gb  cpu_a.o [1]
CSTACK$$Base            0x200038d8           --   Gb  - Linker created -
CSTACK$$Limit           0x20003ad8           --   Gb  - Linker created -
DAC_Cmd                 0x0800288f    0x2c  Code  Gb  stm32f10x_dac.o [1]
DAC_Config              0x080023b5    0x62  Code  Lc  DmaAdc.o [1]
DAC_DMACmd              0x080028bb    0x30  Code  Gb  stm32f10x_dac.o [1]
DAC_DMA_Config          0x08002459    0x54  Code  Lc  DmaAdc.o [1]
DAC_Init                0x0800285d    0x32  Code  Gb  stm32f10x_dac.o [1]
DAC_Mode_Init           0x080024ad    0x36  Code  Gb  DmaAdc.o [1]
DAC_TIM_Config          0x08002417    0x42  Code  Lc  DmaAdc.o [1]
DMA_Cmd                 0x08002a8b    0x1c  Code  Gb  stm32f10x_dma.o [1]
DMA_Init                0x08002a4d    0x3e  Code  Gb  stm32f10x_dma.o [1]
DualSine12bit           0x2000147c   0xa00  Data  Gb  DmaAdc.o [1]
EXTI_DeInit             0x08003251    0x20  Code  Gb  stm32f10x_exti.o [1]
FeedDog                 0x080031f1     0x8  Code  Gb  tim.o [1]
GPIO_Init               0x08002795    0xc8  Code  Gb  stm32f10x_gpio.o [1]
IWDG_ReloadCounter      0x0800329d     0xa  Code  Gb  stm32f10x_iwdg.o [1]
KalmanFilter            0x080024e3    0xa0  Code  Gb  DmaAdc.o [1]
MeasureNoise_R          0x20000078     0x2  Data  Gb  DmaAdc.o [1]
NVIC_SetPriority        0x08000b25    0x22  Code  Lc  os_cpu_c.o [1]
OSCPUUsage              0x200038ce     0x1  Data  Gb  os_core.o [1]
OSCtxSw                 0x08000aaf          Code  Gb  os_cpu_a.o [1]
OSCtxSwCtr              0x20003880     0x4  Data  Gb  os_core.o [1]
OSDataSize              0x0800358a     0x2  Data  Gb  os_dbg.o [1]
OSDebugEn               0x08002172     0x2  Data  Gb  os_dbg.o [1]
OSDebugInit             0x0800102d   0x1c8  Code  Gb  os_dbg.o [1]
OSEndiannessTest        0x0800352c     0x4  Data  Gb  os_dbg.o [1]
OSEventEn               0x08002aa6     0x2  Data  Gb  os_dbg.o [1]
OSEventFreeList         0x20003884     0x4  Data  Gb  os_core.o [1]
OSEventMax              0x08002ada     0x2  Data  Gb  os_dbg.o [1]
OSEventMultiEn          0x08003482     0x2  Data  Gb  os_dbg.o [1]
OSEventNameEn           0x08002d42     0x2  Data  Gb  os_dbg.o [1]
OSEventNameSet          0x080000ed    0x38  Code  Gb  os_core.o [1]
OSEventSize             0x080030ee     0x2  Data  Gb  os_dbg.o [1]
OSEventTbl              0x2000338c    0xf0  Data  Gb  os_core.o [1]
OSEventTblSize          0x08003312     0x2  Data  Gb  os_dbg.o [1]
OSFlagEn                0x0800348e     0x2  Data  Gb  os_dbg.o [1]
OSFlagFreeList          0x20003888     0x4  Data  Gb  os_core.o [1]
OSFlagGrpSize           0x08003530     0x2  Data  Gb  os_dbg.o [1]
OSFlagMax               0x08003536     0x2  Data  Gb  os_dbg.o [1]
OSFlagNameEn            0x08003538     0x2  Data  Gb  os_dbg.o [1]
OSFlagNodeSize          0x08003532     0x2  Data  Gb  os_dbg.o [1]
OSFlagTbl               0x200037c8    0x50  Data  Gb  os_core.o [1]
OSFlagWidth             0x08003534     0x2  Data  Gb  os_dbg.o [1]
OSIdleCtr               0x20003894     0x4  Data  Gb  os_core.o [1]
OSIdleCtrMax            0x2000388c     0x4  Data  Gb  os_core.o [1]
OSIdleCtrRun            0x20003890     0x4  Data  Gb  os_core.o [1]
OSInit                  0x08000125    0x38  Code  Gb  os_core.o [1]
OSInitHookBegin         0x08000b75     0x8  Code  Gb  os_cpu_c.o [1]
OSInitHookEnd           0x08000b7d     0x2  Code  Gb  os_cpu_c.o [1]
OSIntCtxSw              0x08000ab7          Code  Gb  os_cpu_a.o [1]
OSIntExit               0x0800015d    0x94  Code  Gb  os_core.o [1]
OSIntNesting            0x200038d0     0x1  Data  Gb  os_core.o [1]
OSLockNesting           0x200038d1     0x1  Data  Gb  os_core.o [1]
OSLowestPrio            0x0800353a     0x2  Data  Gb  os_dbg.o [1]
OSMboxCreate            0x080031f9    0x4c  Code  Gb  os_mbox.o [1]
OSMboxEn                0x0800353c     0x2  Data  Gb  os_dbg.o [1]
OSMemEn                 0x0800353e     0x2  Data  Gb  os_dbg.o [1]
OSMemFreeList           0x200038a8     0x4  Data  Gb  os_core.o [1]
OSMemMax                0x08003540     0x2  Data  Gb  os_dbg.o [1]
OSMemNameEn             0x08003542     0x2  Data  Gb  os_dbg.o [1]
OSMemSize               0x08003544     0x2  Data  Gb  os_dbg.o [1]
OSMemTbl                0x2000368c    0x78  Data  Gb  os_core.o [1]
OSMemTblSize            0x08003546     0x2  Data  Gb  os_dbg.o [1]
OSMutexEn               0x08003548     0x2  Data  Gb  os_dbg.o [1]
OSPrioCur               0x200038d2     0x1  Data  Gb  os_core.o [1]
OSPrioHighRdy           0x200038d3     0x1  Data  Gb  os_core.o [1]
OSPtrSize               0x0800354a     0x2  Data  Gb  os_dbg.o [1]
OSQEn                   0x0800354c     0x2  Data  Gb  os_dbg.o [1]
OSQFreeList             0x200038ac     0x4  Data  Gb  os_core.o [1]
OSQMax                  0x0800354e     0x2  Data  Gb  os_dbg.o [1]
OSQSize                 0x08003550     0x2  Data  Gb  os_dbg.o [1]
OSQTbl                  0x20003768    0x60  Data  Gb  os_core.o [1]
OSRdyGrp                0x200038d4     0x1  Data  Gb  os_core.o [1]
OSRdyTbl                0x20003858     0x8  Data  Gb  os_core.o [1]
OSRdyTblSize            0x08003552     0x2  Data  Gb  os_dbg.o [1]
OSRunning               0x200038d5     0x1  Data  Gb  os_core.o [1]
OSSchedLock             0x080001f1    0x3a  Code  Gb  os_core.o [1]
OSSchedUnlock           0x0800022b    0x5a  Code  Gb  os_core.o [1]
OSSemCreate             0x08001551    0x4c  Code  Gb  os_sem.o [1]
OSSemEn                 0x08003554     0x2  Data  Gb  os_dbg.o [1]
OSSemPend               0x0800159d    0xe2  Code  Gb  os_sem.o [1]
OSSemPost               0x08001695    0x5c  Code  Gb  os_sem.o [1]
OSStart                 0x08000285    0x42  Code  Gb  os_core.o [1]
OSStartHighRdy          0x08000a93          Code  Gb  os_cpu_a.o [1]
OSStatInit              0x080002c7    0x46  Code  Gb  os_core.o [1]
OSStatRdy               0x200038cf     0x1  Data  Gb  os_core.o [1]
OSStkWidth              0x08003556     0x2  Data  Gb  os_dbg.o [1]
OSTCBCur                0x20003898     0x4  Data  Gb  os_core.o [1]
OSTCBFreeList           0x2000389c     0x4  Data  Gb  os_core.o [1]
OSTCBHighRdy            0x200038a0     0x4  Data  Gb  os_core.o [1]
OSTCBInitHook           0x08000c1b     0x8  Code  Gb  os_cpu_c.o [1]
OSTCBList               0x200038a4     0x4  Data  Gb  os_core.o [1]
OSTCBPrioTbl            0x2000328c   0x100  Data  Gb  os_core.o [1]
OSTCBPrioTblMax         0x0800356e     0x2  Data  Gb  os_dbg.o [1]
OSTCBSize               0x08003570     0x2  Data  Gb  os_dbg.o [1]
OSTCBTbl                0x20001e7c   0x790  Data  Gb  os_core.o [1]
OSTaskCreateEn          0x08003558     0x2  Data  Gb  os_dbg.o [1]
OSTaskCreateExt         0x080012c1    0xcc  Code  Gb  os_task.o [1]
OSTaskCreateExtEn       0x0800355a     0x2  Data  Gb  os_dbg.o [1]
OSTaskCreateHook        0x08000b7f     0x8  Code  Gb  os_cpu_c.o [1]
OSTaskCtr               0x200038d6     0x1  Data  Gb  os_core.o [1]
OSTaskDelEn             0x0800355c     0x2  Data  Gb  os_dbg.o [1]
OSTaskIdleHook          0x08000b87     0x8  Code  Gb  os_cpu_c.o [1]
OSTaskIdleStk           0x20002e8c   0x200  Data  Gb  os_core.o [1]
OSTaskIdleStkSize       0x0800355e     0x2  Data  Gb  os_dbg.o [1]
OSTaskMax               0x08003562     0x2  Data  Gb  os_dbg.o [1]
OSTaskNameEn            0x08003564     0x2  Data  Gb  os_dbg.o [1]
OSTaskNameSet           0x0800138d    0x5a  Code  Gb  os_task.o [1]
OSTaskProfileEn         0x08003560     0x2  Data  Gb  os_dbg.o [1]
OSTaskStatEn            0x08003566     0x2  Data  Gb  os_dbg.o [1]
OSTaskStatHook          0x08000b8f     0x8  Code  Gb  os_cpu_c.o [1]
OSTaskStatStk           0x20002c8c   0x200  Data  Gb  os_core.o [1]
OSTaskStatStkChkEn      0x0800356a     0x2  Data  Gb  os_dbg.o [1]
OSTaskStatStkSize       0x08003568     0x2  Data  Gb  os_dbg.o [1]
OSTaskStkChk            0x080013e7    0x88  Code  Gb  os_task.o [1]
OSTaskStkInit           0x08000b97    0x7c  Code  Gb  os_cpu_c.o [1]
OSTaskSuspend           0x0800146f    0xa4  Code  Gb  os_task.o [1]
OSTaskSwHook            0x08000c13     0x8  Code  Gb  os_cpu_c.o [1]
OSTaskSwHookEn          0x0800356c     0x2  Data  Gb  os_dbg.o [1]
OSTickStepState         0x200038d7     0x1  Data  Gb  os_core.o [1]
OSTicksPerSec           0x08003572     0x2  Data  Gb  os_dbg.o [1]
OSTime                  0x200038b0     0x4  Data  Gb  os_core.o [1]
OSTimeDly               0x080011f5    0x68  Code  Gb  os_time.o [1]
OSTimeDlyHMSM           0x0800125d    0x50  Code  Gb  os_time.o [1]
OSTimeTick              0x0800030d    0xec  Code  Gb  os_core.o [1]
OSTimeTickHook          0x08000c23    0x24  Code  Gb  os_cpu_c.o [1]
OSTimeTickHookEn        0x08003574     0x2  Data  Gb  os_dbg.o [1]
OSTmrCfgMax             0x0800357a     0x2  Data  Gb  os_dbg.o [1]
OSTmrCfgNameEn          0x0800357c     0x2  Data  Gb  os_dbg.o [1]
OSTmrCfgTicksPerSec     0x08003580     0x2  Data  Gb  os_dbg.o [1]
OSTmrCfgWheelSize       0x0800357e     0x2  Data  Gb  os_dbg.o [1]
OSTmrCtr                0x200038c8     0x2  Data  Lc  os_cpu_c.o [1]
OSTmrEn                 0x08003578     0x2  Data  Gb  os_dbg.o [1]
OSTmrFree               0x200038c4     0x2  Data  Gb  os_core.o [1]
OSTmrFreeList           0x200038c0     0x4  Data  Gb  os_core.o [1]
OSTmrSem                0x200038b8     0x4  Data  Gb  os_core.o [1]
OSTmrSemSignal          0x200038bc     0x4  Data  Gb  os_core.o [1]
OSTmrSignal             0x08000dc9     0xe  Code  Gb  os_tmr.o [1]
OSTmrSize               0x08003582     0x2  Data  Gb  os_dbg.o [1]
OSTmrTaskStk            0x2000308c   0x200  Data  Gb  os_core.o [1]
OSTmrTbl                0x20002a0c   0x280  Data  Gb  os_core.o [1]
OSTmrTblSize            0x08003584     0x2  Data  Gb  os_dbg.o [1]
OSTmrTime               0x200038b4     0x4  Data  Gb  os_core.o [1]
OSTmrUsed               0x200038c6     0x2  Data  Gb  os_core.o [1]
OSTmrWheelSize          0x08003586     0x2  Data  Gb  os_dbg.o [1]
OSTmrWheelTbl           0x20003818    0x40  Data  Gb  os_core.o [1]
OSTmrWheelTblSize       0x08003588     0x2  Data  Gb  os_dbg.o [1]
OSTmr_Init              0x08000dd7    0xae  Code  Gb  os_tmr.o [1]
OSTmr_InitTask          0x08000e85    0x38  Code  Lc  os_tmr.o [1]
OSTmr_Link              0x08000ebd    0x6e  Code  Lc  os_tmr.o [1]
OSTmr_Task              0x08000f79    0x7a  Code  Lc  os_tmr.o [1]
OSTmr_Unlink            0x08000f2b    0x4a  Code  Lc  os_tmr.o [1]
OSUnMapTbl              0x08003314   0x100  Data  Gb  os_core.o [1]
OSVersionNbr            0x08003576     0x2  Data  Gb  os_dbg.o [1]
OS_CPU_PendSVHandler    0x08000abf          Code  Gb  os_cpu_a.o [1]
OS_CPU_SR_Restore       0x08000a8d          Code  Gb  os_cpu_a.o [1]
OS_CPU_SR_Save          0x08000a85          Code  Gb  os_cpu_a.o [1]
OS_CPU_SysTickHandler   0x08000c47    0x1e  Code  Gb  os_cpu_c.o [1]
OS_CPU_SysTickInit      0x08000c81    0x16  Code  Gb  os_cpu_c.o [1]
OS_EventTaskRdy         0x080003f9    0x8c  Code  Gb  os_core.o [1]
OS_EventTaskRemove      0x08000511    0x32  Code  Gb  os_core.o [1]
OS_EventTaskRemoveMulti
                        0x08000543    0x3c  Code  Gb  os_core.o [1]
OS_EventTaskWait        0x08000485    0x8c  Code  Gb  os_core.o [1]
OS_EventWaitListInit    0x0800057f    0x1a  Code  Gb  os_core.o [1]
OS_FlagInit             0x08000cc5    0x4e  Code  Gb  os_flag.o [1]
OS_InitEventList        0x08000599    0x60  Code  Lc  os_core.o [1]
OS_InitMisc             0x080005f9    0x4e  Code  Lc  os_core.o [1]
OS_InitRdyList          0x08000647    0x40  Code  Lc  os_core.o [1]
OS_InitTCBList          0x08000703    0x64  Code  Lc  os_core.o [1]
OS_InitTaskIdle         0x08000687    0x3e  Code  Lc  os_core.o [1]
OS_InitTaskStat         0x080006c5    0x3e  Code  Lc  os_core.o [1]
OS_MemClr               0x08000767    0x12  Code  Gb  os_core.o [1]
OS_MemInit              0x08000d21    0x4c  Code  Gb  os_mem.o [1]
OS_QInit                0x08000d79    0x44  Code  Gb  os_q.o [1]
OS_Sched                0x08000779    0x5c  Code  Gb  os_core.o [1]
OS_SchedNew             0x080007d5    0x20  Code  Lc  os_core.o [1]
OS_TCBInit              0x080008d1   0x13a  Code  Gb  os_core.o [1]
OS_TaskIdle             0x080007f5    0x20  Code  Gb  os_core.o [1]
OS_TaskStat             0x08000819    0x72  Code  Gb  os_core.o [1]
OS_TaskStatStkChk       0x0800088b    0x3e  Code  Gb  os_core.o [1]
OS_TaskStkClr           0x0800152d    0x18  Code  Gb  os_task.o [1]
PendSV_Handler          0x08000abf          Code  Gb  os_cpu_a.o [1]
ProcessNiose_Q          0x2000007a     0x2  Data  Gb  DmaAdc.o [1]
RCC_AHBPeriphClockCmd   0x080026b5    0x20  Code  Gb  stm32f10x_rcc.o [1]
RCC_APB1PeriphClockCmd  0x080026f5    0x20  Code  Gb  stm32f10x_rcc.o [1]
RCC_APB2PeriphClockCmd  0x080026d5    0x20  Code  Gb  stm32f10x_rcc.o [1]
RCC_ClearFlag           0x08002759     0xe  Code  Gb  stm32f10x_rcc.o [1]
RCC_GetClocksFreq       0x080025f5    0xc0  Code  Gb  stm32f10x_rcc.o [1]
RCC_GetFlagStatus       0x08002715    0x44  Code  Gb  stm32f10x_rcc.o [1]
Region$$Table$$Base     0x0800343c           --   Gb  - Linker created -
Region$$Table$$Limit    0x08003460           --   Gb  - Linker created -
SetSysClock             0x08002eb5     0x8  Code  Lc  system_stm32f10x.o [1]
SetSysClockTo72         0x08002ebd    0xe0  Code  Lc  system_stm32f10x.o [1]
Sine12bit               0x080016f0   0x500  Data  Gb  DmaAdc.o [1]
SysTick_Config          0x08000b47    0x2e  Code  Lc  os_cpu_c.o [1]
SysTimeBaseInit         0x080031ab    0x18  Code  Gb  tim.o [1]
SystemInit              0x08002e61    0x54  Code  Gb  system_stm32f10x.o [1]
TIM3Isr                 0x080031c5    0x1c  Code  Gb  tim.o [1]
TIM3_Init               0x080030f1    0x70  Code  Lc  tim.o [1]
TIM_ARRPreloadConfig    0x080029b9    0x1c  Code  Gb  stm32f10x_tim.o [1]
TIM_ClearFlag           0x080029e7     0x8  Code  Gb  stm32f10x_tim.o [1]
TIM_ClearITPendingBit   0x08002a1d     0x8  Code  Gb  stm32f10x_tim.o [1]
TIM_Cmd                 0x08002985    0x1c  Code  Gb  stm32f10x_tim.o [1]
TIM_GetITStatus         0x080029ef    0x2e  Code  Gb  stm32f10x_tim.o [1]
TIM_ITConfig            0x080029a1    0x18  Code  Gb  stm32f10x_tim.o [1]
TIM_SelectOutputTrigger
                        0x080029d5    0x12  Code  Gb  stm32f10x_tim.o [1]
TIM_TimeBaseInit        0x080028f1    0x94  Code  Gb  stm32f10x_tim.o [1]
TimeCounter             0x08003161    0x4a  Code  Gb  tim.o [1]
__aeabi_f2iz            0x08002e1d          Code  Gb  FltToS32.o [4]
__aeabi_fadd            0x08002add          Code  Gb  FltAdd.o [4]
__aeabi_fdiv            0x08002b61          Code  Gb  FltDiv.o [4]
__aeabi_fmul            0x08002d45          Code  Gb  FltMul.o [4]
__aeabi_fsub            0x08002c5d          Code  Gb  FltSub.o [4]
__aeabi_i2f             0x08002aa9          Code  Gb  I32ToFlt.o [4]
__aeabi_memset          0x080032ad          Code  Gb  ABImemset.o [5]
__aeabi_ui2f            0x08002abd          Code  Gb  I32ToFlt.o [4]
__cmain                 0x08003461          Code  Gb  cmain.o [5]
__exit                  0x08003491    0x14  Code  Gb  exit.o [6]
__iar_Memset            0x080032ad          Code  Gb  ABImemset.o [5]
__iar_Memset_word       0x080032b5          Code  Gb  ABImemset.o [5]
__iar_copy_init3        0x08000c97    0x2e  Code  Gb  copy_init3.o [5]
__iar_data_init3        0x08003415    0x28  Code  Gb  data_init.o [5]
__iar_fadd              0x08002aed          Code  Gb  FltAdd.o [4]
__iar_fsub              0x08002c6d          Code  Gb  FltSub.o [4]
__iar_fsubStart         0x08002c7d          Code  Gb  FltSub.o [4]
__iar_program_start     0x08003519          Code  Gb  cstartup_M.o [5]
__iar_ui2f              0x08002ac1          Code  Gb  I32ToFlt.o [4]
__iar_zero_init3        0x08001ebf    0x22  Code  Gb  zero_init3.o [5]
__low_level_init        0x0800347b     0x4  Code  Gb  low_level_init.o [3]
__vector_table          0x08000000    0xec  Data  Gb  bsp_vector.o [1]
_call_main              0x0800346d          Code  Gb  cmain.o [5]
_exit                   0x08003485          Code  Gb  cexit.o [5]
_main                   0x08003477          Code  Gb  cmain.o [5]
cr4_fft_64_stm32        0x08001bf1          Code  Gb  cr4_fft_64_stm32.o [1]
exit                    0x0800347f     0x4  Code  Gb  exit.o [3]
kg                      0x2000387c     0x4  Data  Gb  DmaAdc.o [1]
main                    0x08002fbd    0x44  Code  Gb  app.o [1]
memset                  0x08003289    0x14  Code  Gb  memset.o [3]
msDelay                 0x200038ca     0x2  Data  Gb  tim.o [1]
p_last                  0x20003870     0x4  Data  Lc  DmaAdc.o [1]
p_mid                   0x20003874     0x4  Data  Gb  DmaAdc.o [1]
p_now                   0x20003878     0x4  Data  Gb  DmaAdc.o [1]
test_in1                0x20000000    0x64  Data  Gb  DmaAdc.o [1]
test_kalman             0x08002583    0x2c  Code  Gb  DmaAdc.o [1]
test_kg                 0x2000347c    0xc8  Data  Gb  DmaAdc.o [1]
test_out1               0x20003704    0x64  Data  Gb  DmaAdc.o [1]
timers                  0x200035ec    0xa0  Data  Gb  tim.o [1]
watchDogCnt             0x200038cc     0x2  Data  Gb  tim.o [1]
x_last                  0x20003864     0x4  Data  Lc  DmaAdc.o [1]
x_mid                   0x20003868     0x4  Data  Gb  DmaAdc.o [1]
x_now                   0x2000386c     0x4  Data  Gb  DmaAdc.o [1]


[1] = E:\study\道路监控电源\DMA DAC\USER\Debug\Obj
[2] = command line
[3] = dl7M_tln.a
[4] = m7M_tl.a
[5] = rt7M_tl.a
[6] = shb_l.a

  11 676 bytes of readonly  code memory
   2 156 bytes of readonly  data memory
  15 064 bytes of readwrite data memory

Errors: none
Warnings: none
